p isa Parent
p isa Child
p isa Grandchild
p instanceof Grandchild
