Knock, knock!
Knock, knock!
Who's there?
Knock, knock!
Kumquats are orange and tangy
$gc is null!
Knock, knock!
Knock, knock!
Knock, knock!
